06-05 13:01:58.249     1     1 I KERNEL  : [    9.172352] CPAK8963:00: probe of 3-000c failed with error -121
06-05 13:01:58.249     1     1 I KERNEL  : [    9.172489] KXCJ9000:00 3-000f: Fail to get gpio pin by ACPI
06-05 13:01:58.249     1     1 I KERNEL  : [    9.173119] KXCJ9000:00 3-000f: Sensor get ID error
06-05 13:01:58.259     1     1 I KERNEL  : [    9.178596] KXCJ9000:00 3-000f: sensor_init
06-05 13:01:58.259     1     1 I KERNEL  : [    9.183694] KXCJ9000:00: probe of 3-000f failed with error -121
06-05 13:01:58.269     1     1 I KERNEL  : [    9.186860] input: accel as /devices/platform/80860F41:02/i2c-3/3-0018/input/input9
06-05 13:01:58.269     1     1 I KERNEL  : [    9.187015] i2c i2c-3: Failed to register i2c client BMA250E:00 at 0x18 (-16)
06-05 13:01:58.269     1     1 I KERNEL  : [    9.187079] gpio-keys gpio-lesskey.2.auto: Failed to request GPIO 295, error -517
06-05 13:01:58.279     1     1 I KERNEL  : [    9.187122] platform gpio-lesskey.2.auto: Driver gpio-keys requests probe deferral
06-05 13:01:58.279     1     1 I KERNEL  : [    9.187157] gpio-keys gpio-lesskey.1.auto: Failed to request GPIO 222, error -517
06-05 13:01:58.289     1     1 I KERNEL  : [    9.187165] platform gpio-lesskey.1.auto: Driver gpio-keys requests probe deferral
06-05 13:01:58.289     1     1 I KERNEL  : [    9.212226] Fail to add i2c device3:24
06-05 13:01:58.289     1     1 I KERNEL  : [    9.216458] Fail to register sensor device
--------- beginning of /dev/log/main
06-05 13:01:58.469   175   175 E ProbeModule: validate_module: cannot find module's dependency info: [i2c:hm2056]
06-05 13:01:58.469     1     1 I KERNEL  : [    9.389266] atomisp-css2400b0_v21 0000:00:03.0: setting latency timer to 64
06-05 13:01:58.469     1     1 I KERNEL  : [    9.389364] atomisp-css2400b0_v21 0000:00:03.0: irq 106 for MSI/MSI-X
06-05 13:01:58.469     1     1 I KERNEL  : [    9.391592] hm2056_gpio_ctrl, value 0
06-05 13:01:58.529     1     1 I KERNEL  : [    9.453582] hm2056_gpio_ctrl, value 1
06-05 13:01:58.659     1     1 I KERNEL  : [    9.576970] hm2056 2-0024: camera pdata: port: 0 lanes: 1 order: 00000000
06-05 13:01:58.659     1     1 I KERNEL  : [    9.578613] hm2056 2-0024: read from offset 0x1 error -121
06-05 13:01:58.659     1     1 I KERNEL  : [    9.584797] hm2056 2-0024: sensor_id_high = 0x8800
06-05 13:01:58.669     1     1 I KERNEL  : [    9.590257] hm2056 2-0024: hm2056_detect err s_config.
06-05 13:01:58.669     1     1 I KERNEL  : [    9.596046] hm2056_gpio_ctrl, value 0
06-05 13:01:58.689     1     1 I KERNEL  : [    9.608362] hm2056 2-0024: sensor power-gating failed
06-05 13:01:58.689     1     1 I KERNEL  : [    9.614043] hm2056 2-0024: +++ out free 
06-05 13:01:58.699   177   177 E ProbeModule: validate_module: cannot find module's dependency info: [i2c:hm2056b]
06-05 13:01:58.699     1     1 I KERNEL  : [    9.618757] atomisp-css2400b0_v21 0000:00:03.0: Subdev hm2056 detection fail
06-05 13:01:58.699     1     1 I KERNEL  : [    9.622637] hm2056b_gpio_ctrl, value 0
06-05 13:01:58.769     1     1 I KERNEL  : [    9.693456] hm2056b_gpio_ctrl, value 1
06-05 13:01:58.899     1     1 I KERNEL  : [    9.816950] hm2056b 2-0024: camera pdata: port: 1 lanes: 1 order: 00000000
06-05 13:01:58.899     1     1 I KERNEL  : [    9.818282] hm2056b 2-0024: read from offset 0x1 error -121
06-05 13:01:58.899     1     1 I KERNEL  : [    9.824562] hm2056b 2-0024: sensor_id_high = 0x8800
06-05 13:01:58.909     1     1 I KERNEL  : [    9.830114] hm2056b 2-0024: hm2056b_detect err s_config.
06-05 13:01:58.909     1     1 I KERNEL  : [    9.836096] hm2056b_gpio_ctrl, value 0
06-05 13:01:58.929     1     1 I KERNEL  : [    9.848377] hm2056b 2-0024: sensor power-gating failed
06-05 13:01:58.929     1     1 I KERNEL  : [    9.854155] hm2056b 2-0024: +++ out free 
06-05 13:01:58.939   179   179 E ProbeModule: validate_module: cannot find module's dependency info: [i2c:ov7736]
06-05 13:01:58.939     1     1 I KERNEL  : [    9.858968] atomisp-css2400b0_v21 0000:00:03.0: Subdev hm2056b detection fail
06-05 13:01:59.019     1     1 I KERNEL  : [    9.938234] ov7736 2-0021: read from offset 0x300a error -121
06-05 13:01:59.019     1     1 I KERNEL  : [    9.944720] ov7736 2-0021: sensor_id_high = 0x715b2038
06-05 13:01:59.029     1     1 I KERNEL  : [    9.950568] ov7736 2-0021: ov7736_detect err s_config.
06-05 13:01:59.079   181   181 E ProbeModule: validate_module: cannot find module's dependency info: [i2c:ov5648]
06-05 13:01:59.079     1     1 I KERNEL  : [    9.996917] ov7736 2-0021: sensor power-gating failed
06-05 13:01:59.079     1     1 I KERNEL  : [   10.002906] atomisp-css2400b0_v21 0000:00:03.0: Subdev ov7736 detection fail
06-05 13:01:59.149     1     1 I KERNEL  : [   10.067243] ov5648 2-0036: camera pdata: port: 1 lanes: 2 order: 00000002
06-05 13:01:59.239     1     1 I KERNEL  : [   10.156789] @update_otp: no valid wb otp data
06-05 13:01:59.249     1     1 I KERNEL  : [   10.169205] ov5648 2-0036: CONFIG_VIDEO_WV511
06-05 13:01:59.249   109   109 I KERNEL  : [   10.174308] gpio-keys gpio-lesskey.2.auto: Failed to request GPIO 295, error -517
06-05 13:01:59.269   183   183 E ProbeModule: validate_module: cannot find module's dependency info: [i2c:ov2680b]
06-05 13:01:59.269     1     1 I KERNEL  : [   10.182809] atomisp-css2400b0_v21 0000:00:03.0: Subdev ov5648 successfully register
06-05 13:01:59.269   109   109 I KERNEL  : [   10.182949] platform gpio-lesskey.2.auto: Driver gpio-keys requests probe deferral
06-05 13:01:59.269   109   109 I KERNEL  : [   10.183129] gpio-keys gpio-lesskey.1.auto: Failed to request GPIO 222, error -517
06-05 13:01:59.279   185   185 E ProbeModule: validate_module: cannot find module's dependency info: [i2c:ov2680f]
06-05 13:01:59.279     1     1 I KERNEL  : [   10.191669] i2c i2c-2: Failed to register i2c client ov2680b at 0x36 (-16)
06-05 13:01:59.279   109   109 I KERNEL  : [   10.199532] platform gpio-lesskey.1.auto: Driver gpio-keys requests probe deferral
06-05 13:01:59.279     1     1 I KERNEL  : [   10.199601] atomisp-css2400b0_v21 0000:00:03.0: Subdev ov2680b detection fail
06-05 13:01:59.279     1     1 I KERNEL  : [   10.202322] ++++ov2680_probe++++
06-05 13:01:59.279     1     1 I KERNEL  : [   10.202370] ov2680 2-0010: ++++ov2680_probe++++
06-05 13:01:59.279     1     1 I KERNEL  : [   10.202443] ov2680f_power_ctrl:++++ov2680f_power_ctrl off
06-05 13:01:59.289     1     1 I KERNEL  : [   10.208785] ov2680f_power_ctrl:++++ov2680f_power_ctrl on
06-05 13:01:59.359     1     1 I KERNEL  : [   10.277003] ov2680 2-0010: camera pdata: port: 0 lanes: 1 order: 00000002
06-05 13:01:59.359     1     1 I KERNEL  : [   10.281021] ov2680f_power_ctrl:++++ov2680f_power_ctrl off
06-05 13:01:59.379     1     1 I KERNEL  : [   10.299424] atomisp-css2400b0_v21 0000:00:03.0: Subdev ov2680f successfully register
06-05 13:01:59.379   109   109 I KERNEL  : [   10.299579] gpio-keys gpio-lesskey.2.auto: Failed to request GPIO 295, error -517
06-05 13:01:59.389   109   109 I KERNEL  : [   10.308655] platform gpio-lesskey.2.auto: Driver gpio-keys requests probe deferral
06-05 13:01:59.389   109   109 I KERNEL  : [   10.308863] gpio-keys gpio-lesskey.1.auto: Failed to request GPIO 222, error -517
06-05 13:01:59.399   109   109 I KERNEL  : [   10.317364] platform gpio-lesskey.1.auto: Driver gpio-keys requests probe deferral
06-05 13:01:59.529     1     1 I KERNEL  : [   10.448335] gc2155 2-0021: [gcdriver]: i2c read failed
06-05 13:01:59.529     1     1 I KERNEL  : [   10.454139] gc0310soc: gc_detect err s_config.
06-05 13:01:59.579     1     1 I KERNEL  : [   10.496597] gc2155 2-0021: sensor power-gating failed
06-05 13:01:59.579     1     1 I KERNEL  : [   10.502603] atomisp-css2400b0_v21 0000:00:03.0: Subdev gc0310soc detection fail
06-05 13:01:59.589     1     1 I KERNEL  : [   10.509001] atomisp-css2400b0_v21 0000:00:03.0: DFS target frequency=200.
06-05 13:01:59.829     1     1 I KERNEL  : [   10.754895] atomisp-css2400b0_v21 0000:00:03.0: hmm_reserved_pool init successfully,hmm_reserved_pool is with 18432 pages.
06-05 13:02:00.479   109   109 I KERNEL  : [   11.401705] gpio-keys gpio-lesskey.2.auto: Failed to request GPIO 295, error -517
06-05 13:02:00.489   109   109 I KERNEL  : [   11.410475] platform gpio-lesskey.2.auto: Driver gpio-keys requests probe deferral
06-05 13:02:00.489   109   109 I KERNEL  : [   11.410530] gpio-keys gpio-lesskey.1.auto: Failed to request GPIO 222, error -517
06-05 13:02:00.499   109   109 I KERNEL  : [   11.419233] platform gpio-lesskey.1.auto: Driver gpio-keys requests probe deferral
06-05 13:02:00.519   188   188 V bd_prov : Retrieving BD address...
06-05 13:02:00.539   189   189 I EM FG User Space:: Invoked with -w
06-05 13:02:00.539   189   189 I EM FG User Space:: Reading battid from /sys/class/power_supply//dollar_cove_battery/model_name
06-05 13:02:00.539   189   189 I EM FG User Space:: Using data from secondary file
06-05 13:02:00.539     1     1 I KERNEL  : [   11.460373] init: /dev/hw_random not found
06-05 13:02:00.539   189   189 I KERNEL  : [   11.465943] dollar_cove_battery dollar_cove_battery: FG data need to be initialized
06-05 13:02:00.539     1     1 I KERNEL  : [   11.465992] init: error: /props.rc action property:ro.spid.gps.tty=ttyMFD1 must only have setprops commands!
06-05 13:02:00.559     1     1 I KERNEL  : [   11.477053] init: error: /props.rc action property:ro.spid.gps.tty=ttyMFD1 must only have setprops commands!
06-05 13:02:00.569     1     1 I KERNEL  : [   11.488432] init: error: /props.rc action property:ro.spid.gps.tty=ttyMFD1 must only have setprops commands!
06-05 13:02:00.579     1     1 I KERNEL  : [   11.499771] init: error: /props.rc action property:ro.spid.gps.tty=ttyMFD1 must only have setprops commands!
06-05 13:02:00.589     1     1 I KERNEL  : [   11.511161] init: error: /props.rc action property:ro.spid.gps.tty=ttyMFD1 must only have setprops commands!
06-05 13:02:00.609     1     1 I KERNEL  : [   11.522216] init: error: /props.rc action property:ro.spid.gps.tty=ttyMFD1 must only have setprops commands!
06-05 13:02:00.619     1     1 I KERNEL  : [   11.533283] init: error: /props.rc action property:ro.spid.gps.tty=ttyMFD1 must only have setprops commands!
06-05 13:02:00.619     1     1 I KERNEL  : [   11.544363] init: error: /props.rc action property:ro.spid.gps.tty=ttyMFD1 must only have setprops commands!
06-05 13:02:00.639   188   188 E bd_prov : Error retrieving BD address, error -805306373
06-05 13:02:00.639   188   188 E bd_prov : No chaabi BD address
06-05 13:02:00.649   190   190 I KERNEL  : [   11.570462] binder: 190:190 transaction failed 29189, size 0-0
06-05 13:02:00.649     1     1 I KERNEL  : [   11.570800] init: cannot find '/system/vendor/bin/pvrsrvctl', disabling 'pvrsrvctl'
06-05 13:02:00.659     1     1 I KERNEL  : [   11.579490] init: cannot find '/system/bin/ct_monitor', disabling 'ct_monitor'
06-05 13:02:00.669   196   196 I KERNEL  : [   11.589446] iTCO_wdt: iTCO_wdt_keepalive
06-05 13:02:00.669   196   196 I KERNEL  : [   11.589497] iTCO_wdt: iTCO_wdt_keepalive
06-05 13:02:00.669     1     1 I KERNEL  : [   11.590473] init: cannot find '/system/etc/install-recovery.sh', disabling 'flash_recovery'
--------- beginning of /dev/log/system
06-05 13:02:00.679   192   192 I Vold    : Vold 2.1 (the revenge) firing up
06-05 13:02:00.679   192   192 D Vold    : Volume sdcard1 state changing -1 (Initializing) -> 0 (No-Media)
06-05 13:02:00.679   192   192 D Vold    : Volume usbcard1 state changing -1 (Initializing) -> 0 (No-Media)
06-05 13:02:00.679     1     1 I KERNEL  : [   11.602005] init: cannot find '/system/bin/gpu_daemon', disabling 'gpu_daemon'
06-05 13:02:00.689   203   203 I installd: installd firing up
06-05 13:02:00.699   192   214 D Vold    : Volume sdcard1 state changing 0 (No-Media) -> 2 (Pending)
06-05 13:02:00.699   192   214 D Vold    : Volume sdcard1 state changing 2 (Pending) -> 1 (Idle-Unmounted)
06-05 13:02:00.709   200   200 I DEBUG   : debuggerd: Sep  8 2015 09:38:57
06-05 13:02:00.729   199   199 I Netd    : Netd 1.0 starting
06-05 13:02:00.729   199   199 W InterfaceController: Warning (dlopen failed: library "/system/lib/libnetcmdiface.so" not found) while opening the net interface command library
06-05 13:02:00.739   189   189 I KERNEL  : [   11.657329] dollar_cove_battery dollar_cove_battery: RDC need to be initialized
06-05 13:02:00.749   189   189 I KERNEL  : [   11.675333] dollar_cove_battery dollar_cove_battery: design cap is already initialized
06-05 13:02:00.769   189   189 I KERNEL  : [   11.695571] dollar_cove_battery dollar_cove_battery: reg:33, val:f8
06-05 13:02:00.779   189   189 I KERNEL  : [   11.699120] dollar_cove_battery dollar_cove_battery: reg:c0, val:0
06-05 13:02:00.779   189   189 I KERNEL  : [   11.702311] dollar_cove_battery dollar_cove_battery: reg:c1, val:0
06-05 13:02:00.779   189   189 I KERNEL  : [   11.705061] dollar_cove_battery dollar_cove_battery: reg:c2, val:1
06-05 13:02:00.789   189   189 I KERNEL  : [   11.706999] dollar_cove_battery dollar_cove_battery: reg:c3, val:2
06-05 13:02:00.789   189   189 I KERNEL  : [   11.709748] dollar_cove_battery dollar_cove_battery: reg:c4, val:4
06-05 13:02:00.789   189   189 I KERNEL  : [   11.712485] dollar_cove_battery dollar_cove_battery: reg:c5, val:6
06-05 13:02:00.789   189   189 I KERNEL  : [   11.715216] dollar_cove_battery dollar_cove_battery: reg:c6, val:7
06-05 13:02:00.799   189   189 I KERNEL  : [   11.717236] dollar_cove_battery dollar_cove_battery: reg:c7, val:a
06-05 13:02:00.799   189   189 I KERNEL  : [   11.719975] dollar_cove_battery dollar_cove_battery: reg:c8, val:d
06-05 13:02:00.799   189   189 I KERNEL  : [   11.722712] dollar_cove_battery dollar_cove_battery: reg:c9, val:10
06-05 13:02:00.799   189   189 I KERNEL  : [   11.725446] dollar_cove_battery dollar_cove_battery: reg:ca, val:13
06-05 13:02:00.809   189   189 I KERNEL  : [   11.727262] dollar_cove_battery dollar_cove_battery: reg:cb, val:19
06-05 13:02:00.809   189   189 I KERNEL  : [   11.730037] dollar_cove_battery dollar_cove_battery: reg:cc, val:1f
06-05 13:02:00.809   189   189 I KERNEL  : [   11.732784] dollar_cove_battery dollar_cove_battery: reg:cd, val:25
06-05 13:02:00.809   189   189 I KERNEL  : [   11.735535] dollar_cove_battery dollar_cove_battery: reg:ce, val:2b
06-05 13:02:00.819   189   189 I KERNEL  : [   11.740818] dollar_cove_battery dollar_cove_battery: reg:cf, val:2e
06-05 13:02:00.819   189   189 I KERNEL  : [   11.743886] dollar_cove_battery dollar_cove_battery: reg:d0, val:31
06-05 13:02:00.829   189   189 I KERNEL  : [   11.746584] dollar_cove_battery dollar_cove_battery: reg:d1, val:35
06-05 13:02:00.829   189   189 I KERNEL  : [   11.749353] dollar_cove_battery dollar_cove_battery: reg:d2, val:37
06-05 13:02:00.829   189   189 I KERNEL  : [   11.752120] dollar_cove_battery dollar_cove_battery: reg:d3, val:3e
06-05 13:02:00.829   189   189 I KERNEL  : [   11.754880] dollar_cove_battery dollar_cove_battery: reg:d4, val:44
06-05 13:02:00.839   210   210 I rfid_monzaxd: rfid monzax daemon launched (pid=210)
06-05 13:02:00.839   210   210 I MonzaxService: rfid_monzax.service started (pid=210)
06-05 13:02:00.839   216   216 I ServiceManager: Waiting for service android.security.keystore...
06-05 13:02:00.839   189   189 I KERNEL  : [   11.757292] dollar_cove_battery dollar_cove_battery: reg:d5, val:4a
06-05 13:02:00.839   220   220 I KERNEL  : [   11.759181] SELinux: initialized (dev binfmt_misc, type binfmt_misc), not configured for labeling
06-05 13:02:00.839   189   189 I KERNEL  : [   11.760401] dollar_cove_battery dollar_cove_battery: reg:d6, val:50
06-05 13:02:00.839   189   189 I KERNEL  : [   11.763192] dollar_cove_battery dollar_cove_battery: reg:d7, val:56
06-05 13:02:00.849   189   189 I KERNEL  : [   11.769710] dollar_cove_battery dollar_cove_battery: reg:d8, val:5c
06-05 13:02:00.849   189   189 I KERNEL  : [   11.772894] dollar_cove_battery dollar_cove_battery: reg:d9, val:60
06-05 13:02:00.849   189   189 I KERNEL  : [   11.775719] dollar_cove_battery dollar_cove_battery: reg:da, val:62
06-05 13:02:00.859   213   213 I securityfileservice: starting securityfileservice...
06-05 13:02:00.859   213   213 I SecurityFileService: SecurityFileService started (pid=213)
06-05 13:02:00.859   213   213 I KERNEL  : [   11.776973] warning: `securityfileser' uses 32-bit capabilities (legacy support in use)
06-05 13:02:00.859   189   189 I KERNEL  : [   11.778795] dollar_cove_battery dollar_cove_battery: reg:db, val:64
06-05 13:02:00.859   189   189 I KERNEL  : [   11.784888] dollar_cove_battery dollar_cove_battery: reg:dc, val:64
06-05 13:02:00.869   189   189 I KERNEL  : [   11.787313] dollar_cove_battery dollar_cove_battery: reg:dd, val:64
06-05 13:02:00.869   189   189 I KERNEL  : [   11.790074] dollar_cove_battery dollar_cove_battery: reg:de, val:64
06-05 13:02:00.869   189   189 I KERNEL  : [   11.792864] dollar_cove_battery dollar_cove_battery: reg:df, val:64
06-05 13:02:00.869   189   189 I KERNEL  : [   11.795666] dollar_cove_battery dollar_cove_battery: reg:b8, val:e2
06-05 13:02:00.879   243   243 D intel_firmware_props: Setting sys.ia32.version with value of BiosVersion
06-05 13:02:00.879   243   243 E libdmi  : Unsupported vendor 'INSYDE Corp.'
06-05 13:02:00.879   243   243 E intel_firmware_props: Failed to set sys.ia32.version : could not get dmi data
06-05 13:02:00.879   243   243 D intel_firmware_props: Setting sys.ifwi.version with value of bios_version
06-05 13:02:00.879   189   189 I KERNEL  : [   11.798437] dollar_cove_battery dollar_cove_battery: reg:e0, val:91
06-05 13:02:00.879     1     1 I KERNEL  : [   11.799519] SELinux: initialized (dev pstore, type pstore), not configured for labeling
06-05 13:02:00.879   189   189 I KERNEL  : [   11.802576] dollar_cove_battery dollar_cove_battery: reg:e1, val:a8
06-05 13:02:00.879   189   189 I KERNEL  : [   11.805382] dollar_cove_battery dollar_cove_battery: reg:ba, val:c0
06-05 13:02:00.889   189   189 I EM FG User Space:: Restored FG data successfully
06-05 13:02:00.889   189   189 I KERNEL  : [   11.807258] dollar_cove_battery dollar_cove_battery: reg:bb, val:7d
06-05 13:02:00.889   189   189 I KERNEL  : [   11.807282] FG data restored successfully
06-05 13:02:00.899   217   217 D gpsd    : main()
06-05 13:02:00.899   217   217 D gpsd    : argv[0] = '/system/bin/gpsd'
06-05 13:02:00.899   217   217 D gpsd    : argv[1] = '-c'
06-05 13:02:00.899   217   217 D gpsd    : argv[2] = '/system/etc/gps.xml'
06-05 13:02:00.899   217   217 D gpsd    : WakeLock(Release,GPSD)
06-05 13:02:00.919   243   243 D intel_firmware_props: Setting sys.chaabi.version with value of SECVersion
06-05 13:02:00.919   243   243 E libdmi  : Unsupported vendor 'INSYDE Corp.'
06-05 13:02:00.919   243   243 E intel_firmware_props: Failed to set sys.chaabi.version : could not get dmi data
06-05 13:02:00.919   243   243 D intel_firmware_props: Setting sys.pmic.version with value of PmicVersion
06-05 13:02:00.919   243   243 E libdmi  : Unsupported vendor 'INSYDE Corp.'
06-05 13:02:00.919   243   243 E intel_firmware_props: Failed to set sys.pmic.version : could not get dmi data
06-05 13:02:00.939   244   244 I wlan_prov: get_customer_data error: 0xcffffffb
06-05 13:02:00.939   244   244 I wlan_prov: Provisioned MAC not found, request to randomize one
06-05 13:02:00.939   244   244 I wlan_prov: cal_check_mac_file_exist Enter
06-05 13:02:00.959     1     1 I KERNEL  : [   11.877908] init: property 'sys.powerctl' doesn't exist while expanding '${sys.powerctl}'
06-05 13:02:00.969     1     1 I KERNEL  : [   11.887344] init: powerctl: cannot expand '${sys.powerctl}'
06-05 13:02:00.969     1     1 I KERNEL  : [   11.893632] init: property 'sys.sysctl.extra_free_kbytes' doesn't exist while expanding '${sys.sysctl.extra_free_kbytes}'
06-05 13:02:00.979     1     1 I KERNEL  : [   11.905959] init: cannot expand '${sys.sysctl.extra_free_kbytes}' while writing to '/proc/sys/vm/extra_free_kbytes'
06-05 13:02:00.999     1     1 I KERNEL  : [   11.908557] SELinux: initialized (dev fuse, type fuse), uses genfs_contexts
06-05 13:02:00.999     1     1 I KERNEL  : [   11.919345] init: property 'sys.inotify.max_user_watches' doesn't exist while expanding '${sys.inotify.max_user_watches}'
06-05 13:02:01.009     1     1 I KERNEL  : [   11.931738] init: cannot expand '${sys.inotify.max_user_watches}' while writing to '/proc/sys/fs/inotify/max_user_watches'
06-05 13:02:01.029   244   244 I wlan_prov: parsed mac 00:09:4c:9f:9d:23
06-05 13:02:01.029   244   244 I wlan_prov: mac address exist, Nothing to do..
06-05 13:02:01.029   244   244 I wlan_prov: End ...
06-05 13:02:01.029     1     1 I KERNEL  : [   11.946633] DW HSU: Can't find LPIO1 DMA controller by PCI, try ACPI
06-05 13:02:01.039     1     1 I KERNEL  : [   11.961405] DW HSU: Can't find LPIO1 DMA controller by PCI, try ACPI
06-05 13:02:01.049   217   217 D gpsd    : connectTTY : ttyName = /dev/gsmtty7
06-05 13:02:01.049   217   217 I gpsd    : RildClientModuleConnMgrIntel::modemManagerConnect : called
06-05 13:02:01.049   217   217 I gpsd    : mmgr_cli_create_handle
06-05 13:02:01.049   217   217 D MMGR_CLI: mmgr_cli_create_handle - (fd:-1 name:gpsd) - handle created successfully
06-05 13:02:01.049   217   217 I gpsd    : mmgr_cli_subscribe_event - E_MMGR_EVENT_MODEM_UP
06-05 13:02:01.049   217   217 D MMGR_CLI: mmgr_cli_subscribe_event - (fd:-1 name:gpsd) - event (EVENT_MODEM_UP) subscribed successfully
06-05 13:02:01.049   217   217 I gpsd    : mmgr_cli_subscribe_event - E_MMGR_EVENT_MODEM_DOWN
06-05 13:02:01.049   217   217 D MMGR_CLI: mmgr_cli_subscribe_event - (fd:-1 name:gpsd) - event (EVENT_MODEM_DOWN) subscribed successfully
06-05 13:02:01.049   217   217 I gpsd    : mmgr_cli_subscribe_event - E_MMGR_EVENT_MODEM_OUT_OF_SERVICE
06-05 13:02:01.049   217   217 D MMGR_CLI: mmgr_cli_subscribe_event - (fd:-1 name:gpsd) - event (EVENT_MODEM_OUT_OF_SERVICE) subscribed successfully
06-05 13:02:01.049   217   217 I gpsd    : mmgr_cli_connect
06-05 13:02:01.049   217   217 E MMGR_CLI: cli_connect - (fd:-1 name:gpsd) - failed to open socket
06-05 13:02:01.049   217   217 D MMGR_CLI: handle_disconnection - (fd:-1 name:gpsd) - disconnected
06-05 13:02:01.049   291   292 I KERNEL  : [   11.969736] read descriptors
06-05 13:02:01.049   291   292 I KERNEL  : [   11.969787] read strings
06-05 13:02:01.049   291   292 I KERNEL  : [   11.969829] mtp_bind_config
06-05 13:02:01.059   201   201 I MultiDisplay: android::intel::MultiDisplayService::MultiDisplayService(): create a MultiDisplay service 0xf901c2e0
06-05 13:02:01.059   201   201 W MultiDisplay: Please check HDMI cable is connected or not
06-05 13:02:01.059   201   201 I MultiDisplay: ConnectStatus is 0, mode is 0x0
06-05 13:02:01.059   201   201 I SurfaceFlinger: SurfaceFlinger is starting
06-05 13:02:01.059   201   201 I SurfaceFlinger: SurfaceFlinger's main thread ready to run. Initializing graphics H/W...
06-05 13:02:01.069   218   218 I KERNEL  : [   11.994614] atomisp-css2400b0_v21 0000:00:03.0: DFS target frequency=200.
06-05 13:02:01.079   218   218 E LIBGSMGR: gsm_get_pci_info - Unknown PCH family device ID - 0xf1c
06-05 13:02:01.079   218   218 E LIBGSMGR: GetStartCapOffset - Capability Lists are not supported by PCI device 0,0,0
06-05 13:02:01.079   218   218 I KERNEL  : [   12.004001] SELinux: initialized (dev tmpfs, type tmpfs), uses transition SIDs
06-05 13:02:01.079   132   132 I KERNEL  : [   12.004180] atomisp-css2400b0_v21 0000:00:03.0: DFS target frequency=200.
06-05 13:02:01.099   218   218 I KERNEL  : [   12.022168] atomisp-css2400b0_v21 0000:00:03.0: DFS target frequency=200.
06-05 13:02:01.109   132   132 I KERNEL  : [   12.029920] atomisp-css2400b0_v21 0000:00:03.0: DFS target frequency=200.
06-05 13:02:01.119   218   218 E LIBGSMGR: gsm_get_pci_info - Unknown PCH family device ID - 0xf1c
06-05 13:02:01.119   218   218 E LIBGSMGR: GetStartCapOffset - Capability Lists are not supported by PCI device 0,0,0
06-05 13:02:01.119   218   218 D COREUSEC: Ignoring PPGTT checks
06-05 13:02:01.119   218   218 D COREU   : CoreU service is now running
06-05 13:02:01.119   201   201 D libEGL  : loaded /system/lib/egl/libGLES_intel7.so
06-05 13:02:01.179   201   201 I ufoGralloc: Hello, this is UFO GRALLOC/Intel Corporation
06-05 13:02:01.379   215   215 I mediaserver: ServiceManager: 0xf8afe1c0
06-05 13:02:01.379   215   215 I AudioFlinger: Using default 3000 mSec as standby time.
06-05 13:02:01.389   215   215 I MediaPlayerService: Loaded libwidimediasink.so
06-05 13:02:01.389   215   215 I WidiPlayerFactory: Going to register
06-05 13:02:01.389   215   215 I WidiPlayerFactory: Registered
06-05 13:02:01.389   215   215 I CameraService: CameraService started (pid=215)
06-05 13:02:01.489   215   215 I CameraService: Loaded "Intel CameraHardware Module" camera module
06-05 13:02:01.489   215   215 D Camera_HAL: ATOM_GetNumberOfCameras
06-05 13:02:01.499   215   215 E         : Resolution string "" contains invalid character.
06-05 13:02:01.499   215   215 E         : Resolution string "" contains invalid character.
06-05 13:02:01.499   215   215 D Camera_Profiles: @android::status_t android::CameraProfiles::initSensorList(),drvInfo.mProfileName:/etc/camera_profiles_ov5648.xml
06-05 13:02:01.499   215   215 D Camera_Profiles: @android::status_t android::CameraProfiles::initSensorList(),drvInfo.mProfileName:/etc/camera_profiles_ov2680f.xml
06-05 13:02:01.499   215   215 D Camera_Profiles: @android::status_t android::CameraProfiles::initSensorList(),media.settings.xml property:/etc/media_profiles_ov5648.xml|/etc/media_profiles_ov2680f.xml
06-05 13:02:01.499   215   215 D Camera_Profiles: @void android::CameraProfiles::getDataFromSpecXmlFile(),Parse camera profile:/etc/camera_profiles_ov2680f.xml
06-05 13:02:01.499   215   215 E         : Resolution string "" contains invalid character.
06-05 13:02:01.499   215   215 D Camera_Profiles: @void android::CameraProfiles::getDataFromSpecXmlFile(),Parse camera profile:/etc/camera_profiles_ov5648.xml
06-05 13:02:01.499   215   215 E         : Resolution string "" contains invalid character.
06-05 13:02:01.509   215   215 I AudioPolicyManagerBase: loadAudioPolicyConfig() loaded /system/etc/audio_policy.conf
06-05 13:02:01.529   201   201 I ivpg-buffer: Loaded UFO GRALLOC/Intel Corporation
06-05 13:02:01.529   201   201 I libva   : VA-API version 0.34.0
06-05 13:02:01.529   201   201 I libva   : va_getDriverName() returns 0
06-05 13:02:01.529   201   201 I libva   : Trying to open /system/lib/i965_drv_video.so
06-05 13:02:01.529   215   215 D AudioHardwareALSA: Using Audio HAL Configurable
06-05 13:02:01.529   215   215 D PROPERTY: get AudioComms.HAL.isLocked: 1
06-05 13:02:01.529   215   215 E RouteManager/ParameterHandler: restore: error No such file or directory
06-05 13:02:01.529   215   215 D PROPERTY: get audiocomms.modemLib: libmamgr-xmm.so
06-05 13:02:01.539   215   215 D INTERFACE_PROVIDER_LIB: getInterfaceProvider: libmamgr-xmm.so
06-05 13:02:01.539   215   215 D MMGR_CLI: mmgr_cli_create_handle - (fd:-1 name:MAM) - handle created successfully
06-05 13:02:01.539   215   215 D MMGR_CLI: mmgr_cli_subscribe_event - (fd:-1 name:MAM) - event (EVENT_MODEM_DOWN) subscribed successfully
06-05 13:02:01.539   215   215 D MMGR_CLI: mmgr_cli_subscribe_event - (fd:-1 name:MAM) - event (EVENT_MODEM_UP) subscribed successfully
06-05 13:02:01.539   215   215 D MMGR_CLI: mmgr_cli_subscribe_event - (fd:-1 name:MAM) - event (EVENT_MODEM_OUT_OF_SERVICE) subscribed successfully
06-05 13:02:01.539   215   215 D MMGR_CLI: mmgr_cli_subscribe_event - (fd:-1 name:MAM) - event (NOTIFY_MODEM_COLD_RESET) subscribed successfully
06-05 13:02:01.539   215   215 D MMGR_CLI: mmgr_cli_subscribe_event - (fd:-1 name:MAM) - event (NOTIFY_MODEM_SHUTDOWN) subscribed successfully
06-05 13:02:01.539   215   215 D MMGR_CLI: mmgr_cli_subscribe_event - (fd:-1 name:MAM) - event (NOTIFY_PLATFORM_REBOOT) subscribed successfully
06-05 13:02:01.539   215   215 D XMM_MODEM_AUDIO_MANAGER_INSTANCE: createXMMATModemAudioManager
06-05 13:02:01.539   215   215 D PROPERTY: get audiocomms.XMM.isDualSimModem: false
06-05 13:02:01.539   215   215 D PROPERTY: get audiocomms.XMM.primaryChannel: /dev/ttyACM4
06-05 13:02:01.539   215   215 D CALL_AUDIO_STATUS_HANDLER: setAllCallsAudioStatus:0
06-05 13:02:01.539   215   215 D AT_MANAGER_UNSOLICITED: CUnsolicitedATCommand
06-05 13:02:01.539   215   215 D AT_MANAGER_UNSOLICITED: CUnsolicitedATCommand
06-05 13:02:01.539   215   215 D AT_MANAGER_UNSOLICITED: CUnsolicitedATCommand
06-05 13:02:01.539   215   215 D XMM_AT+XDRVI: CXDRVIUnsolicitedATCommand
06-05 13:02:01.539   215   215 D AT_MANAGER: on /dev/ttyACM4: addUnsollicitedATCommand
06-05 13:02:01.539   215   215 D AT_MANAGER: on /dev/ttyACM4: addUnsollicitedATCommand
06-05 13:02:01.539   215   215 D AT_MANAGER: on /dev/ttyACM4: addUnsollicitedATCommand
06-05 13:02:01.539   215   215 D AT_MANAGER: on /dev/ttyACM4: addATManagerObserver
06-05 13:02:01.539   215   215 D MODEM_AUDIO_MANAGER: getImplementedInterfaces
06-05 13:02:01.539   215   215 D INTERFACE_PROVIDER_LIB: getInterfaceProvider Interface provider retrieved. Provides:
06-05 13:02:01.539   215   215 D INTERFACE_PROVIDER_LIB: ATSenderInterface
06-05 13:02:01.539   215   215 D INTERFACE_PROVIDER_LIB: ModemAudioManagerInterface
06-05 13:02:01.539   215   215 D INTERFACE_PROVIDER_LIB: SyncNeederInterface
06-05 13:02:01.539   215   215 D MODEM_AUDIO_MANAGER: setModemAudioManagerObserver
06-05 13:02:01.539   215   215 I RouteManager: Connected to a ModemAudioManager interface
06-05 13:02:01.539   215   215 D PROPERTY: get AudioComms.PFW.ConfPath: /etc/parameter-framework/ParameterFrameworkConfiguration.xml
06-05 13:02:01.539   215   215 I RouteManager: parameter-framework: using configuration file: /etc/parameter-framework/ParameterFrameworkConfiguration.xml
06-05 13:02:01.539   215   215 D RouteManager: getPortsUsedByPortGroup Ports name=IA_SSP1_PORT,MODEM_I2S2_PORT
06-05 13:02:01.539   215   215 D RouteManager: getPortsUsedByPortGroup Ports name=BT_PCM_PORT,HWCODEC_PORT2
06-05 13:02:01.539   215   215 D RouteManager/Route: getSlaveRoutes acSlaveRoutes=
06-05 13:02:01.539   215   215 D RouteManager: getPortsUsedByRoute Ports name=
06-05 13:02:01.539   215   215 D RouteManager/Route: getSlaveRoutes acSlaveRoutes=
06-05 13:02:01.539   215   215 D RouteManager: getPortsUsedByRoute Ports name=
06-05 13:02:01.539   215   215 D RouteManager/Route: getSlaveRoutes acSlaveRoutes=
06-05 13:02:01.539   215   215 D RouteManager: getPortsUsedByRoute Ports name=
06-05 13:02:01.539   215   215 D RouteManager/Route: getSlaveRoutes acSlaveRoutes=
06-05 13:02:01.539   215   215 D RouteManager: getPortsUsedByRoute Ports name=IA_SSP2_PORT,MODEM_I2S1_PORT
06-05 13:02:01.539   215   215 D RouteManager/Route: getSlaveRoutes acSlaveRoutes=
06-05 13:02:01.539   215   215 D RouteManager: getPortsUsedByRoute Ports name=IA_SSP1_PORT,BT_PCM_PORT
06-05 13:02:01.539   215   215 D RouteManager/Route: getSlaveRoutes acSlaveRoutes=CompressedMedia,Media,DeepMedia
06-05 13:02:01.539   215   215 D RouteManager: getPortsUsedByRoute Ports name=
06-05 13:02:01.539   215   215 D RouteManager/Route: getSlaveRoutes acSlaveRoutes=
06-05 13:02:01.539   215   215 D RouteManager: getPortsUsedByRoute Ports name=MODEM_I2S2_PORT,HWCODEC_PORT_2
06-05 13:02:01.539   215   215 D RouteManager/Route: getSlaveRoutes acSlaveRoutes=
06-05 13:02:01.539   215   215 D RouteManager: getPortsUsedByRoute Ports name=MODEM_I2S2_PORT,BT_PCM_PORT
06-05 13:02:01.539   215   215 D PROPERTY: get Audiocomms.BT.HFP.Supported: true
06-05 13:02:01.539   215   215 I RouteManager: CAudioRouteManager(): platform supports Bluetooth HFP
06-05 13:02:01.539   215   215 D RouteManager: CAudioRouteManager: platform embeds a Modem chip
06-05 13:02:01.539   215   215 D MODEM_AUDIO_MANAGER: start
06-05 13:02:01.539   215   215 D MODEM_STATUS_MANAGER: start
06-05 13:02:01.539   215   422 D EVENT_THREAD: void CEventThread::run() Do poll with timeout: -1
06-05 13:02:01.539   215   215 E MMGR_CLI: cli_connect - (fd:-1 name:MAM) - failed to open socket
06-05 13:02:01.539   215   215 D MMGR_CLI: handle_disconnection - (fd:-1 name:MAM) - disconnected
06-05 13:02:01.559   201   201 I libva   : Found init function __vaDriverInit_0_32
06-05 13:02:01.559   199   199 V NatController: runCmd(/system/bin/iptables -F natctrl_FORWARD) res=0
06-05 13:02:01.569   199   199 V NatController: runCmd(/system/bin/iptables -A natctrl_FORWARD -j DROP) res=0
06-05 13:02:01.569   199   199 V NatController: runCmd(/system/bin/iptables -t nat -F natctrl_nat_POSTROUTING) res=0
06-05 13:02:01.569   201   201 I libva   : va_openDriver() returns 0
06-05 13:02:01.579   201   201 D MOS     : mm:Mos_InitInterface_Linux called
06-05 13:02:01.609   201   201 V IVP     : iVP_create_context: Create Context success: ctx_id=0x70000000, vp_context=0xf9059810
06-05 13:02:01.609   201   201 I ivpg-hwc: Hwc Options
06-05 13:02:01.609   201   201 I ivpg-hwc: Option Default                intel.hwc.overlay( 0) = 1        (HWC default)
06-05 13:02:01.609   201   201 I ivpg-hwc: Option Default             intel.hwc.overlayrgb( 1) = 1        (HWC default)
06-05 13:02:01.609   201   201 I ivpg-hwc: Option Default             intel.hwc.overlayyuv( 2) = 1        (HWC default)
06-05 13:02:01.609   201   201 I ivpg-hwc: Option Default        intel.hwc.overlayyuvasrgb( 5) = 0        (HWC default)
06-05 13:02:01.609   201   201 I ivpg-hwc: Option Default          intel.hwc.ovnosrcoffset( 6) = 0        (HWC default)
06-05 13:02:01.609   201   201 I ivpg-hwc: Option Default            intel.hwc.ovnosrccrop( 7) = 0        (HWC default)
06-05 13:02:01.609   201   201 I ivpg-hwc: Option Default          intel.hwc.overlayzorder( 3) = 1        (HWC default)
06-05 13:02:01.609   201   201 I ivpg-hwc: Option Default        intel.hwc.overlayoversize( 4) = 1        (HWC default)
06-05 13:02:01.609   201   201 I ivpg-hwc: Option Default          intel.hwc.forceblanking( 8) = 0        (HWC default)
06-05 13:02:01.609   201   201 I ivpg-hwc: Option Default          intel.hwc.clearblanking( 9) = 0        (HWC default)
06-05 13:02:01.609   201   201 I ivpg-hwc: Option Default           intel.hwc.ovincidental(10) = 1        (HWC default)
06-05 13:02:01.609   201   201 I ivpg-hwc: Option Default                 intel.hwc.atomic(11) = 1        (HWC default)
06-05 13:02:01.609   201   201 I ivpg-hwc: Option Default                  intel.hwc.panel(12) = 1        (HWC default)
06-05 13:02:01.609   201   201 I ivpg-hwc: Option Default                   intel.hwc.hdmi(13) = 1        (HWC default)
06-05 13:02:01.609   201   201 I ivpg-hwc: Option Default            intel.hwc.panelfitter(14) = 5        (HWC default)
06-05 13:02:01.609   201   201 I ivpg-hwc: Option Default            intel.hwc.extendedvpg(16) = 0        (HWC default)
06-05 13:02:01.609   201   201 I ivpg-hwc: Option Default            intel.hwc.extendedmcg(17) = 1        (HWC default)
06-05 13:02:01.609   201   201 I ivpg-hwc: Option Default        intel.hwc.extendedscaling(18) = 2        (HWC default)
06-05 13:02:01.609   201   201 I ivpg-hwc: Option Default       intel.hwc.extendedoverscan(19) = 0        (HWC default)
06-05 13:02:01.609   201   201 I ivpg-hwc: Option Default       intel.hwc.extendedvidclone(26) = 0        (HWC default)
06-05 13:02:01.609   201   201 I ivpg-hwc: Option Default        intel.hwc.extvsyncmigrate(20) = 1        (HWC default)
06-05 13:02:01.609   201   201 I ivpg-hwc: Option Default         intel.hwc.extfullsuspend(21) = 1        (HWC default)
06-05 13:02:01.609   201   201 I ivpg-hwc: Option Default          intel.hwc.cloneoptimize(23) = 1        (HWC default)
06-05 13:02:01.609   201   201 I ivpg-hwc: Option Default        intel.hwc.clonefavourqual(24) = 1        (HWC default)
06-05 13:02:01.609   201   201 I ivpg-hwc: Option Default         intel.hwc.clonetolerance(25) = 0        (HWC default)
06-05 13:02:01.609   201   201 I ivpg-hwc: Option Default          intel.hwc.syncframework(28) = 1        (HWC default)
06-05 13:02:01.609   201   201 I ivpg-hwc: Option Default             intel.hwc.modechange(32) = 1        (HWC default)
06-05 13:02:01.609   201   201 I ivpg-hwc: Option Default            intel.hwc.maindisable(34) = 1        (HWC default)
06-05 13:02:01.609   201   201 I ivpg-hwc: Option Default          intel.hwc.protectedcomp(41) = 1        (HWC default)
06-05 13:02:01.609   201   201 I ivpg-hwc: Option Default              intel.hwc.smartcomp(42) = 1        (HWC default)
06-05 13:02:01.609   201   201 I ivpg-hwc: Option Default            intel.hwc.widivppcomp(43) = 1        (HWC default)
06-05 13:02:01.609   201   201 I ivpg-hwc: Option Default          intel.hwc.globalscaling(48) = 9        (HWC default)
06-05 13:02:01.609   201   201 I ivpg-hwc: Option Default       intel.hwc.globalscalingmin(49) = 66       (HWC default)
06-05 13:02:01.609   201   201 I ivpg-hwc: Option Default       intel.hwc.globalscalingmax(50) = 150      (HWC default)
06-05 13:02:01.609   201   201 I ivpg-hwc: Option Default                 intel.hwc.pavpon(51) = 0        (HWC default)
06-05 13:02:01.609   201   201 I ivpg-hwc: Option Default          intel.hwc.pavpsessionid(52) = 0        (HWC default)
06-05 13:02:01.609   201   201 I ivpg-hwc: Option Default           intel.hwc.pavpinstance(53) = 0        (HWC default)
06-05 13:02:01.609   201   201 I ivpg-hwc: Option Default          intel.hwc.pavpcoreready(54) = 0        (HWC default)
06-05 13:02:01.609   201   201 I ivpg-hwc: Option Default       intel.hwc.pavpcoreinstance(55) = 0        (HWC default)
06-05 13:02:01.609   201   201 I ivpg-hwc: Option Default            intel.hwc.idletimeout(64) = 600      (HWC default)
06-05 13:02:01.609   201   201 I ivpg-hwc: Option Default             intel.hwc.idletimein(65) = 400      (HWC default)
06-05 13:02:01.609   201   201 I ivpg-hwc: Option Default         intel.hwc.idleoverlayopt(66) = 1        (HWC default)
06-05 13:02:01.609   201   201 I ivpg-hwc: Option Default        intel.hwc.debugdumplayers(80) = 0        (HWC default)
06-05 13:02:01.609   201   201 I ivpg-hwc: bool intel::ufo::hwc::MultiDisplayImpl::initMDSClient(): Connected to MDS
06-05 13:02:01.609   201   201 W MultiDisplay: Please check HDMI cable is connected or not
06-05 13:02:01.609   201   201 I MultiDisplay: ConnectStatus is 0, mode is 0x0
06-05 13:02:01.609   201   201 D skuwa   : Detected device 0F31:15 family 15:9
06-05 13:02:01.609   201   201 D ivpg-hwc: ProductFamily 15/VALLEYVIEW (DeviceID 0xf31 PlatformType 2/MOBILE)
06-05 13:02:01.609   201   201 I ivpg-hwc: composer device opened by VPG HWComposer/Intel Corporation
06-05 13:02:01.609   201   201 I SurfaceFlinger: Using composer version 1.3
06-05 13:02:01.609   201   201 I ivpg-hwc: Created Drm Display for connector 0 [0xf909dc30]
06-05 13:02:01.609   201   201 D ivpg-hwc: Setting video mode for Crtc 3, Display (dead), now 800x1280@60Hz
06-05 13:02:01.679   199   199 V NatController: runCmd(/system/bin/ip rule flush) res=0
06-05 13:02:01.689   199   199 V NatController: runCmd(/system/bin/ip -6 rule flush) res=0
06-05 13:02:01.709   199   199 V NatController: runCmd(/system/bin/ip rule add from all lookup default prio 32767) res=0
06-05 13:02:01.709   266   266 E CRASHLOG: Property persist.core.enabled not readable - core dump capture is disabled
06-05 13:02:01.709   266   266 I CRASHLOG: Current crashlogd mode is NOMINAL MODE
06-05 13:02:01.709   266   266 I CRASHLOG: phone enter state: normal start.
06-05 13:02:01.719   199   199 V NatController: runCmd(/system/bin/ip rule add from all lookup main prio 32766) res=0
06-05 13:02:01.719   439   439 I uefivar : 0
06-05 13:02:01.729   199   199 V NatController: runCmd(/system/bin/ip -6 rule add from all lookup default prio 32767) res=0
06-05 13:02:01.729   441   441 I uefivar : 1
06-05 13:02:01.729   444   444 I uefivar : 4
06-05 13:02:01.739   199   199 V NatController: runCmd(/system/bin/ip -6 rule add from all lookup main prio 32766) res=0
06-05 13:02:01.739   447   447 I uefivar : 1
06-05 13:02:01.739   199   199 V NatController: runCmd(/system/bin/ip route flush cache) res=0
06-05 13:02:01.739   266   266 I CRASHLOG: get_uefi_startupreason: ResetSource:0, ResetType:1, WakeSource:4, ShutdownSource:1
06-05 13:02:01.739   266   266 I CRASHLOG: wake source (4): WAKE_PWR_BUTTON_PRESS
06-05 13:02:01.739   266   266 I CRASHLOG: reset type (1): WARM_RESET
06-05 13:02:01.739   199   199 V NatController: runCmd(/system/bin/iptables -F natctrl_tether_counters) res=1
06-05 13:02:01.739   215   215 E MMGR_CLI: cli_connect - (fd:-1 name:MAM) - failed to open socket
06-05 13:02:01.739   215   215 D MMGR_CLI: handle_disconnection - (fd:-1 name:MAM) - disconnected
06-05 13:02:01.749   199   199 V NatController: runCmd(/system/bin/iptables -X natctrl_tether_counters) res=1
06-05 13:02:01.749   199   199 V NatController: runCmd(/system/bin/iptables -N natctrl_tether_counters) res=0
06-05 13:02:01.819   201   201 I KERNEL  : [   12.741005] gavin generic_disable
06-05 13:02:01.839   266   266 E CRASHLOG: Property gsm.version.baseband not readable
06-05 13:02:01.839   201   201 I KERNEL  : [   12.764694] gavin generic_disable_panel_power
06-05 13:02:01.859   266   266 E CRASHLOG: REBOOT  2b510f0f1edf8dd2860a  2017-06-05/13:02:01  WAKE_PWR_BUTTON_PRESS
06-05 13:02:01.859   266   266 E CRASHLOG: Property gsm.version.baseband not readable
06-05 13:02:01.859   266   266 E CRASHLOG: STATE   8097dae2063eb8d10096  2017-06-05/13:02:01  DECRYPTED
06-05 13:02:01.859   266   266 I CRASHLOG: [IPTRAK] check_iptrak_file: Initial value of 'need_update' 1.
06-05 13:02:01.859   266   266 I CRASHLOG: [IPTRAK] check_iptrak_file: Force update value 2.
06-05 13:02:01.859   266   266 I CRASHLOG: [IPTRAK] check_iptrak_file: 'need_update' value 1.
06-05 13:02:01.859   266   266 I CRASHLOG: [IPTRAK] update_iptrak_file: Generating new IPTRAK file.
06-05 13:02:01.859   266   266 I CRASHLOG: [IPTRAK] update_iptrak_file: Got PMIC vendor 'unknown' and stepping 'unknown'.
06-05 13:02:01.869   266   266 I CRASHLOG: [IPTRAK] Updating uptime value: 0000:00:00.
06-05 13:02:01.869   266   266 I CRASHLOG: [IPTRAK] check_iptrak_file: Update status 1.
06-05 13:02:01.869   266   266 D CRASHLOG: monitor_crashenv: execute /system/bin/monitor_crashenv  
06-05 13:02:01.909   501   501 I KERNEL  : [   12.835344] type=1400 audit(1496678521.909:4): avc:  denied  { getattr } for  pid=501 comm="df" name="/" dev="functionfs" ino=11249 scontext=u:r:init_shell:s0 tcontext=u:object_r:unlabeled:s0 tclass=filesystem
06-05 13:02:01.939   215   215 E MMGR_CLI: cli_connect - (fd:-1 name:MAM) - failed to open socket
06-05 13:02:01.939   215   215 D MMGR_CLI: handle_disconnection - (fd:-1 name:MAM) - disconnected
--------- beginning of /dev/log/events
06-05 13:02:01.969   202   202 I boot_progress_start: 12803
06-05 13:02:01.969   202   202 D AndroidRuntime: 
06-05 13:02:01.969   202   202 D AndroidRuntime: >>>>>> AndroidRuntime START com.android.internal.os.ZygoteInit <<<<<<
06-05 13:02:01.969   202   202 D AndroidRuntime: CheckJNI is OFF
06-05 13:02:01.969   202   202 I AndroidRuntime: Kernel Release Version: 3.10.20-263415-g5844dcc
06-05 13:02:02.009   202   202 I dalvikvm: 
06-05 13:02:02.009   202   202 I dalvikvm: +++++++++++++ Using PCG. +++++++++++++++++++++
06-05 13:02:02.029   199   199 D MDnsDS  : MDnsSdListener::Hander starting up
06-05 13:02:02.029   199   528 D MDnsDS  : MDnsSdListener starting to monitor
06-05 13:02:02.029   199   528 D MDnsDS  : Going to poll with pollCount 1
